------------------------------------------------------------
TimeQuest Timing Analyzer Summary
------------------------------------------------------------

Type  : Slow 1100mV 85C Model Setup 'clk'
Slack : -2.442
TNS   : -240.588

Type  : Slow 1100mV 85C Model Hold 'clk'
Slack : 0.489
TNS   : 0.000

Type  : Slow 1100mV 85C Model Minimum Pulse Width 'clk'
Slack : -3.166
TNS   : -882.764

Type  : Slow 1100mV 0C Model Setup 'clk'
Slack : -2.536
TNS   : -228.856

Type  : Slow 1100mV 0C Model Hold 'clk'
Slack : 0.508
TNS   : 0.000

Type  : Slow 1100mV 0C Model Minimum Pulse Width 'clk'
Slack : -3.166
TNS   : -882.338

Type  : Fast 1100mV 85C Model Setup 'clk'
Slack : -0.371
TNS   : -17.879

Type  : Fast 1100mV 85C Model Hold 'clk'
Slack : 0.182
TNS   : 0.000

Type  : Fast 1100mV 85C Model Minimum Pulse Width 'clk'
Slack : -2.174
TNS   : -553.066

Type  : Fast 1100mV 0C Model Setup 'clk'
Slack : -0.301
TNS   : -8.640

Type  : Fast 1100mV 0C Model Hold 'clk'
Slack : 0.172
TNS   : 0.000

Type  : Fast 1100mV 0C Model Minimum Pulse Width 'clk'
Slack : -2.174
TNS   : -551.840

------------------------------------------------------------
